OpenBLAS WARNING - could not determine the L2 cache size on this system, assuming 256k
[OK] Tesseract найден по пути: /usr/bin/tesseract
Starting Tesseract OCR Test Web Application...
Tesseract Version: 5.3.0
Available Languages: eng, osd, rus
Open http://localhost:5000 in your browser
 * Serving Flask app 'app'
 * Debug mode: on
WARNING: This is a development server. Do not use it in a production deployment. Use a production WSGI server instead.
 * Running on all addresses (0.0.0.0)
 * Running on http://127.0.0.1:5000
 * Running on http://21.0.5.67:5000
Press CTRL+C to quit
 * Restarting with stat
OpenBLAS WARNING - could not determine the L2 cache size on this system, assuming 256k
 * Debugger is active!
 * Debugger PIN: 383-112-757
127.0.0.1 - - [06/Aug/2026 09:08:13] "GET /api/test HTTP/1.1" 200 -
 * Detected change in '/workspace/app.py', reloading
[OK] Tesseract найден по пути: /usr/bin/tesseract
Starting Tesseract OCR Test Web Application...
Tesseract Version: 5.3.0
Available Languages: eng, osd, rus
Open http://localhost:5000 in your browser
 * Restarting with stat
OpenBLAS WARNING - could not determine the L2 cache size on this system, assuming 256k
 * Debugger is active!
 * Debugger PIN: 383-112-757
